1762936192367	geckodriver	INFO	Listening on 127.0.0.1:51323
1762936192416	mozrunner::runner	INFO	Running command: MOZ_CRASHREPORTER="1" MOZ_CRASHREPORTER_NO_REPORT="1" MOZ_CRASHREPORTER_SHUTDOWN="1" "/usr/bin/firefox" "--m ... te" "--remote-debugging-port" "47955" "--remote-allow-hosts" "localhost" "-no-remote" "-profile" "/tmp/rust_mozprofiledyICdo"
console.warn: services.settings: Ignoring preference override of remote settings server
console.warn: services.settings: Allow by setting MOZ_REMOTE_SETTINGS_DEVTOOLS=1 in the environment
1762936193457	Marionette	INFO	Marionette enabled
[Parent 25053, Main Thread] WARNING: gdk_wayland_window_set_dbus_properties_libgtk_only: assertion 'GDK_IS_WAYLAND_WINDOW (window)' failed: 'glib warning', file /build/firefox-gCr4Qt/firefox-144.0.2+build1/toolkit/xre/nsSigHandlers.cpp:201

(firefox:25053): Gdk-CRITICAL **: 10:29:53.583: gdk_wayland_window_set_dbus_properties_libgtk_only: assertion 'GDK_IS_WAYLAND_WINDOW (window)' failed
1762936193635	Marionette	INFO	Listening on port 42943
WebDriver BiDi listening on ws://127.0.0.1:47955
Read port: 42943
1762936193852	RemoteAgent	WARN	TLS certificate errors will be ignored for this session
[Parent 25053, Main Thread] WARNING: gdk_wayland_window_set_dbus_properties_libgtk_only: assertion 'GDK_IS_WAYLAND_WINDOW (window)' failed: 'glib warning', file /build/firefox-gCr4Qt/firefox-144.0.2+build1/toolkit/xre/nsSigHandlers.cpp:201

(firefox:25053): Gdk-CRITICAL **: 10:29:54.109: gdk_wayland_window_set_dbus_properties_libgtk_only: assertion 'GDK_IS_WAYLAND_WINDOW (window)' failed
[Parent 25053, Main Thread] WARNING: gdk_wayland_window_set_dbus_properties_libgtk_only: assertion 'GDK_IS_WAYLAND_WINDOW (window)' failed: 'glib warning', file /build/firefox-gCr4Qt/firefox-144.0.2+build1/toolkit/xre/nsSigHandlers.cpp:201

(firefox:25053): Gdk-CRITICAL **: 10:29:54.110: gdk_wayland_window_set_dbus_properties_libgtk_only: assertion 'GDK_IS_WAYLAND_WINDOW (window)' failed
1762936204801	Marionette	INFO	Stopped listening on port 42943
console.error: "Failed to fetch https://spocs.getpocket.com/user:" "NetworkError when attempting to fetch resource."
console.error: (new TypeError("NetworkError when attempting to fetch resource.", ""))
console.error: (new Error("OHTTP was configured for https://ads.mozilla.org/v1/delete_user but we couldn't fetch a valid config", "moz-src:///browser/modules/ContextId.sys.mjs", 234))
console.warn: TopSitesFeed: Failed to fetch data from MARS server: NetworkError when attempting to fetch resource.
JavaScript error: resource://gre/modules/ObliviousHTTP.sys.mjs, line 117: NS_ERROR_XPC_CANT_CONVERT_PRIMITIVE_TO_ARRAY: Cannot convert primitive JavaScript value into an array arg 2 [nsIObliviousHttpService.newChannel]
